// Jest Snapshot v1, https://goo.gl/fbAQLP

exports[`CommentsPage renders correctly 1`] = `
ShallowWrapper {
  Symbol(enzyme.__root__): [Circular],
  Symbol(enzyme.__unrendered__): <Provider
    store={
      Object {
        "clearActions": [Function],
        "dispatch": [Function],
        "getActions": [Function],
        "getState": [Function],
        "replaceReducer": [Function],
        "subscribe": [Function],
      }
    }
  >
    <Connect(CommentsPage) />
  </Provider>,
  Symbol(enzyme.__renderer__): Object {
    "batchedUpdates": [Function],
    "getNode": [Function],
    "render": [Function],
    "simulateError": [Function],
    "simulateEvent": [Function],
    "unmount": [Function],
  },
  Symbol(enzyme.__node__): Object {
    "instance": null,
    "key": undefined,
    "nodeType": "function",
    "props": Object {
      "children": <Connect(CommentsPage) />,
      "value": Object {
        "store": Object {
          "clearActions": [Function],
          "dispatch": [Function],
          "getActions": [Function],
          "getState": [Function],
          "replaceReducer": [Function],
          "subscribe": [Function],
        },
        "storeState": Object {
          "$$typeof": Symbol(react.context),
          "Consumer": Object {
            "$$typeof": Symbol(react.context),
            "_calculateChangedBits": null,
            "_context": [Circular],
          },
          "Provider": Object {
            "$$typeof": Symbol(react.provider),
            "_context": [Circular],
          },
          "_calculateChangedBits": null,
          "_currentRenderer": null,
          "_currentRenderer2": null,
          "_currentValue": Object {
            "comments": Array [
              Object {
                "body": "Lorem Ipsum",
                "email": "lorem@ipsum",
                "name": "Lorem Ipsum",
              },
              Object {
                "body": "Lorem Ipsum",
                "email": "lorem@ipsum",
                "name": "Lorem Ipsum",
              },
            ],
          },
          "_currentValue2": Object {
            "comments": Array [
              Object {
                "body": "Lorem Ipsum",
                "email": "lorem@ipsum",
                "name": "Lorem Ipsum",
              },
              Object {
                "body": "Lorem Ipsum",
                "email": "lorem@ipsum",
                "name": "Lorem Ipsum",
              },
            ],
          },
          "_threadCount": 0,
        },
      },
    },
    "ref": null,
    "rendered": Object {
      "instance": null,
      "key": undefined,
      "nodeType": "class",
      "props": Object {},
      "ref": null,
      "rendered": null,
      "type": [Function],
    },
    "type": Object {
      "$$typeof": Symbol(react.provider),
      "_context": Object {
        "$$typeof": Symbol(react.context),
        "Consumer": Object {
          "$$typeof": Symbol(react.context),
          "_calculateChangedBits": null,
          "_context": [Circular],
        },
        "Provider": [Circular],
        "_calculateChangedBits": null,
        "_currentRenderer": null,
        "_currentRenderer2": null,
        "_currentValue": null,
        "_currentValue2": null,
        "_threadCount": 0,
      },
    },
  },
  Symbol(enzyme.__nodes__): Array [
    Object {
      "instance": null,
      "key": undefined,
      "nodeType": "function",
      "props": Object {
        "children": <Connect(CommentsPage) />,
        "value": Object {
          "store": Object {
            "clearActions": [Function],
            "dispatch": [Function],
            "getActions": [Function],
            "getState": [Function],
            "replaceReducer": [Function],
            "subscribe": [Function],
          },
          "storeState": Object {
            "$$typeof": Symbol(react.context),
            "Consumer": Object {
              "$$typeof": Symbol(react.context),
              "_calculateChangedBits": null,
              "_context": [Circular],
            },
            "Provider": Object {
              "$$typeof": Symbol(react.provider),
              "_context": [Circular],
            },
            "_calculateChangedBits": null,
            "_currentRenderer": null,
            "_currentRenderer2": null,
            "_currentValue": Object {
              "comments": Array [
                Object {
                  "body": "Lorem Ipsum",
                  "email": "lorem@ipsum",
                  "name": "Lorem Ipsum",
                },
                Object {
                  "body": "Lorem Ipsum",
                  "email": "lorem@ipsum",
                  "name": "Lorem Ipsum",
                },
              ],
            },
            "_currentValue2": Object {
              "comments": Array [
                Object {
                  "body": "Lorem Ipsum",
                  "email": "lorem@ipsum",
                  "name": "Lorem Ipsum",
                },
                Object {
                  "body": "Lorem Ipsum",
                  "email": "lorem@ipsum",
                  "name": "Lorem Ipsum",
                },
              ],
            },
            "_threadCount": 0,
          },
        },
      },
      "ref": null,
      "rendered": Object {
        "instance": null,
        "key": undefined,
        "nodeType": "class",
        "props": Object {},
        "ref": null,
        "rendered": null,
        "type": [Function],
      },
      "type": Object {
        "$$typeof": Symbol(react.provider),
        "_context": Object {
          "$$typeof": Symbol(react.context),
          "Consumer": Object {
            "$$typeof": Symbol(react.context),
            "_calculateChangedBits": null,
            "_context": [Circular],
          },
          "Provider": [Circular],
          "_calculateChangedBits": null,
          "_currentRenderer": null,
          "_currentRenderer2": null,
          "_currentValue": null,
          "_currentValue2": null,
          "_threadCount": 0,
        },
      },
    },
  ],
  Symbol(enzyme.__options__): Object {
    "adapter": ReactSixteenAdapter {
      "options": Object {
        "enableComponentDidUpdateOnSetState": true,
        "lifecycles": Object {
          "componentDidUpdate": Object {
            "onSetState": true,
          },
          "getDerivedStateFromProps": true,
          "getSnapshotBeforeUpdate": true,
          "setState": Object {
            "skipsComponentDidUpdateOnNullish": true,
          },
        },
      },
    },
  },
}
`;
