// Jest Snapshot v1, https://goo.gl/fbAQLP

exports[`HomeCard renders correctly 1`] = `
ShallowWrapper {
  Symbol(enzyme.__root__): [Circular],
  Symbol(enzyme.__unrendered__): <div>
    <Uncontrolled(Panel)
      bsSize="small"
      style={
        Object {
          "height": 200,
          "margin": 5,
          "maxWidth": 400,
        }
      }
    >
      <PanelHeading
        bsClass="panel"
        componentClass="div"
      >
        test
      </PanelHeading>
      <PanelBody
        bsClass="panel"
        collapsible={false}
        style={
          Object {
            "display": "flex",
            "flexWrap": "wrap",
          }
        }
      >
        1
        1
        test
        <Button
          active={false}
          block={false}
          bsClass="btn"
          bsStyle="danger"
          disabled={false}
        >
          Learn more
        </Button>
      </PanelBody>
    </Uncontrolled(Panel)>
  </div>,
  Symbol(enzyme.__renderer__): Object {
    "batchedUpdates": [Function],
    "getNode": [Function],
    "render": [Function],
    "simulateError": [Function],
    "simulateEvent": [Function],
    "unmount": [Function],
  },
  Symbol(enzyme.__node__): Object {
    "instance": null,
    "key": "1",
    "nodeType": "host",
    "props": Object {
      "children": <Uncontrolled(Panel)
        bsSize="small"
        style={
          Object {
            "height": 200,
            "margin": 5,
            "maxWidth": 400,
          }
        }
      >
        <PanelHeading
          bsClass="panel"
          componentClass="div"
        >
          test
        </PanelHeading>
        <PanelBody
          bsClass="panel"
          collapsible={false}
          style={
            Object {
              "display": "flex",
              "flexWrap": "wrap",
            }
          }
        >
          1
          1
          test
          <Button
            active={false}
            block={false}
            bsClass="btn"
            bsStyle="danger"
            disabled={false}
          >
            Learn more
          </Button>
        </PanelBody>
      </Uncontrolled(Panel)>,
    },
    "ref": null,
    "rendered": Object {
      "instance": null,
      "key": undefined,
      "nodeType": "class",
      "props": Object {
        "bsSize": "small",
        "children": Array [
          <PanelHeading
            bsClass="panel"
            componentClass="div"
          >
            test
          </PanelHeading>,
          <PanelBody
            bsClass="panel"
            collapsible={false}
            style={
              Object {
                "display": "flex",
                "flexWrap": "wrap",
              }
            }
          >
            1
            1
            test
            <Button
              active={false}
              block={false}
              bsClass="btn"
              bsStyle="danger"
              disabled={false}
            >
              Learn more
            </Button>
          </PanelBody>,
        ],
        "style": Object {
          "height": 200,
          "margin": 5,
          "maxWidth": 400,
        },
      },
      "ref": null,
      "rendered": Array [
        Object {
          "instance": null,
          "key": undefined,
          "nodeType": "class",
          "props": Object {
            "bsClass": "panel",
            "children": "test",
            "componentClass": "div",
          },
          "ref": null,
          "rendered": "test",
          "type": [Function],
        },
        Object {
          "instance": null,
          "key": undefined,
          "nodeType": "class",
          "props": Object {
            "bsClass": "panel",
            "children": Array [
              1,
              1,
              "test",
              <Button
                active={false}
                block={false}
                bsClass="btn"
                bsStyle="danger"
                disabled={false}
              >
                Learn more
              </Button>,
            ],
            "collapsible": false,
            "style": Object {
              "display": "flex",
              "flexWrap": "wrap",
            },
          },
          "ref": null,
          "rendered": Array [
            1,
            1,
            "test",
            Object {
              "instance": null,
              "key": undefined,
              "nodeType": "class",
              "props": Object {
                "active": false,
                "block": false,
                "bsClass": "btn",
                "bsStyle": "danger",
                "children": "Learn more",
                "disabled": false,
              },
              "ref": null,
              "rendered": "Learn more",
              "type": [Function],
            },
          ],
          "type": [Function],
        },
      ],
      "type": [Function],
    },
    "type": "div",
  },
  Symbol(enzyme.__nodes__): Array [
    Object {
      "instance": null,
      "key": "1",
      "nodeType": "host",
      "props": Object {
        "children": <Uncontrolled(Panel)
          bsSize="small"
          style={
            Object {
              "height": 200,
              "margin": 5,
              "maxWidth": 400,
            }
          }
        >
          <PanelHeading
            bsClass="panel"
            componentClass="div"
          >
            test
          </PanelHeading>
          <PanelBody
            bsClass="panel"
            collapsible={false}
            style={
              Object {
                "display": "flex",
                "flexWrap": "wrap",
              }
            }
          >
            1
            1
            test
            <Button
              active={false}
              block={false}
              bsClass="btn"
              bsStyle="danger"
              disabled={false}
            >
              Learn more
            </Button>
          </PanelBody>
        </Uncontrolled(Panel)>,
      },
      "ref": null,
      "rendered": Object {
        "instance": null,
        "key": undefined,
        "nodeType": "class",
        "props": Object {
          "bsSize": "small",
          "children": Array [
            <PanelHeading
              bsClass="panel"
              componentClass="div"
            >
              test
            </PanelHeading>,
            <PanelBody
              bsClass="panel"
              collapsible={false}
              style={
                Object {
                  "display": "flex",
                  "flexWrap": "wrap",
                }
              }
            >
              1
              1
              test
              <Button
                active={false}
                block={false}
                bsClass="btn"
                bsStyle="danger"
                disabled={false}
              >
                Learn more
              </Button>
            </PanelBody>,
          ],
          "style": Object {
            "height": 200,
            "margin": 5,
            "maxWidth": 400,
          },
        },
        "ref": null,
        "rendered": Array [
          Object {
            "instance": null,
            "key": undefined,
            "nodeType": "class",
            "props": Object {
              "bsClass": "panel",
              "children": "test",
              "componentClass": "div",
            },
            "ref": null,
            "rendered": "test",
            "type": [Function],
          },
          Object {
            "instance": null,
            "key": undefined,
            "nodeType": "class",
            "props": Object {
              "bsClass": "panel",
              "children": Array [
                1,
                1,
                "test",
                <Button
                  active={false}
                  block={false}
                  bsClass="btn"
                  bsStyle="danger"
                  disabled={false}
                >
                  Learn more
                </Button>,
              ],
              "collapsible": false,
              "style": Object {
                "display": "flex",
                "flexWrap": "wrap",
              },
            },
            "ref": null,
            "rendered": Array [
              1,
              1,
              "test",
              Object {
                "instance": null,
                "key": undefined,
                "nodeType": "class",
                "props": Object {
                  "active": false,
                  "block": false,
                  "bsClass": "btn",
                  "bsStyle": "danger",
                  "children": "Learn more",
                  "disabled": false,
                },
                "ref": null,
                "rendered": "Learn more",
                "type": [Function],
              },
            ],
            "type": [Function],
          },
        ],
        "type": [Function],
      },
      "type": "div",
    },
  ],
  Symbol(enzyme.__options__): Object {
    "adapter": ReactSixteenAdapter {
      "options": Object {
        "enableComponentDidUpdateOnSetState": true,
        "lifecycles": Object {
          "componentDidUpdate": Object {
            "onSetState": true,
          },
          "getDerivedStateFromProps": true,
          "getSnapshotBeforeUpdate": true,
          "setState": Object {
            "skipsComponentDidUpdateOnNullish": true,
          },
        },
      },
    },
  },
}
`;
